---
source: src/tui.rs
expression: test.render()
---
1.0━│━━━━━━⡇━━━━━━━━━━━━━━━━━━━━━━━━━━━━━━━━━━━━━━━━━━━━━━━━━━━━━━━━━━━━━━━━━atuio━━━━━━━━━━━━━━━━━━━━━━━━━━━━━━━━━━━━━━━━━━━━━━━━━━━━━━━━━━━━━┌───────────────┐
┃   │⣀⢀⣀⢀⡀ ⡇                                                                                                                                   │sine440fade.wav│
┃   │⣿⢸⣿⣿⡇⣿⡇⣿⢸⣷⣷⡆⣶⣶⣶⢰⣄⣤⡄⣤⢠⣀⢀⡀⣀⡀⡀                                                                                                               └───────────────┘
┃   │⣿⣼⣿⣿⡇⣿⡇⣿⢸⣿⣿⡇⣿⣿⣿⢸⣿⣿⣧⣿⣿⣿⣼⣧⣿⣷⣿⢸⣿⣾⡇⣿⣶⣶⢰⣶⣶⡆⣤⣤⣤⢠⣄⣀⡀⣀⢀⣀                                                                                                          ┃
┃   │⣿⣿⣿⣿⣷⣿⡇⣿⣼⣿⣿⣷⣿⣿⣿⣿⣿⣿⣿⣿⣿⣿⣿⣿⣿⣿⣿⣿⣿⣿⣧⣿⣿⣿⣸⣿⣿⡇⣿⣿⣿⢸⣿⣿⡇⣿⣿⣿⢸⣷⣿⣇⣿⣼⣶⣴⡆⣶⣦⣦⢠⣤⣠⡄⣄⣀⣀⢀⣀⣀                                                                                    ┃
┃   │⣿⣿⣿⣿⣿⣿⡇⣿⣿⣿⣿⣿⣿⣿⣿⣿⣿⣿⣿⣿⣿⣿⣿⣿⣿⣿⣿⣿⣿⣿⣿⣿⣿⣿⣿⣿⣿⣧⣿⣿⣿⣾⣿⣿⣿⣿⣿⣿⣿⣿⣿⣿⣿⣿⣿⣿⣿⣿⣿⣿⣾⣿⣿⣇⣿⣿⣿⢸⣿⣿⡇⣿⣿⣿⢸⣷⣶⡆⣶⣴⣶⢠⣄⣤⡄⣤⢀⣀⢀⡀⣀⡀                                                              ┃
┃   │⣿⣿⣿⣿⣿⣿⡇⣿⣿⣿⣿⣿⣿⣿⣿⣿⣿⣿⣿⣿⣿⣿⣿⣿⣿⣿⣿⣿⣿⣿⣿⣿⣿⣿⣿⣿⣿⣿⣿⣿⣿⣿⣿⣿⣿⣿⣿⣿⣿⣿⣿⣿⣿⣿⣿⣿⣿⣿⣿⣿⣿⣿⣿⣿⣿⣿⣿⣾⣿⣿⣷⣿⣿⣿⣾⣿⣿⣿⣿⣿⣿⣿⣿⣿⣿⣿⣿⣿⣿⣷⣿⣿⣿⣸⣿⣿⡇⣷⣶⣶⢰⣶⣶⡄⣤⣤⣤⢠⣀⣀⡀⣀⢀⡀                                        ┃
┃   │⣿⣿⣿⣿⣿⣿⡇⣿⣿⣿⣿⣿⣿⣿⣿⣿⣿⣿⣿⣿⣿⣿⣿⣿⣿⣿⣿⣿⣿⣿⣿⣿⣿⣿⣿⣿⣿⣿⣿⣿⣿⣿⣿⣿⣿⣿⣿⣿⣿⣿⣿⣿⣿⣿⣿⣿⣿⣿⣿⣿⣿⣿⣿⣿⣿⣿⣿⣿⣿⣿⣿⣿⣿⣿⣿⣿⣿⣿⣿⣿⣿⣿⣿⣿⣿⣿⣿⣿⣿⣿⣿⣿⣿⣿⣿⣿⣿⣿⣿⣿⣾⣿⣿⣷⣿⣿⣿⣾⣿⣿⣷⣿⣿⣿⣾⣷⣿⣷⣿⣴⣶⣶⣆⣶⣦⣤⣠⣤⣤⡄⣀⣀⣀⢀⣀⡀                  ┃
┃   │⣿⣿⣿⣿⣿⣿⡇⣿⣿⣿⣿⣿⣿⣿⣿⣿⣿⣿⣿⣿⣿⣿⣿⣿⣿⣿⣿⣿⣿⣿⣿⣿⣿⣿⣿⣿⣿⣿⣿⣿⣿⣿⣿⣿⣿⣿⣿⣿⣿⣿⣿⣿⣿⣿⣿⣿⣿⣿⣿⣿⣿⣿⣿⣿⣿⣿⣿⣿⣿⣿⣿⣿⣿⣿⣿⣿⣿⣿⣿⣿⣿⣿⣿⣿⣿⣿⣿⣿⣿⣿⣿⣿⣿⣿⣿⣿⣿⣿⣿⣿⣿⣿⣿⣿⣿⣿⣿⣿⣿⣿⣿⣿⣿⣿⣿⣿⣿⣿⣿⣿⣿⣿⣿⣿⣿⣿⣿⣿⣿⣿⣿⣿⣿⣾⣿⣿⣷⣿⣿⣿⣾⣶⣶⣶⣶⣴⣦⣤⣤⣤⣤⣄⣀⣀⡀
-1.0│⣿⣿⣿⣿⣿⣿⡇⣿⣿⣿⣿⣿⣿⣿⣿⣿⣿⣿⣿⣿⣿⣿⣿⣿⣿⣿⣿⣿⣿⣿⣿⣿⣿⣿⣿⣿⣿⣿⣿⣿⣿⣿⣿⣿⣿⣿⣿⣿⣿⣿⣿⣿⣿⣿⣿⣿⣿⣿⣿⣿⣿⣿⣿⣿⣿⣿⣿⣿⣿⣿⣿⣿⣿⣿⣿⣿⣿⣿⣿⣿⣿⣿⣿⣿⣿⣿⣿⣿⣿⣿⣿⣿⣿⣿⣿⣿⣿⣿⣿⣿⣿⣿⣿⣿⣿⣿⣿⣿⣿⣿⣿⣿⣿⣿⣿⣿⣿⣿⣿⣿⣿⣿⣿⣿⣿⣿⣿⣿⣿⣿⣿⣿⣿⣿⢿⡿⠿⠿⠿⠻⠟⠛⠋⠛⠛⠛⠉⠉⠉⠉⠉⠉  ┃
┃   │⣿⣿⣿⣿⣿⣿⡇⣿⣿⣿⣿⣿⣿⣿⣿⣿⣿⣿⣿⣿⣿⣿⣿⣿⣿⣿⣿⣿⣿⣿⣿⣿⣿⣿⣿⣿⣿⣿⣿⣿⣿⣿⣿⣿⣿⣿⣿⣿⣿⣿⣿⣿⣿⣿⣿⣿⣿⣿⣿⣿⣿⣿⣿⣿⣿⣿⣿⣿⣿⣿⣿⣿⣿⣿⣿⣿⣿⣿⣿⣿⣿⣿⣿⣿⣿⣿⣿⣿⣿⣿⣿⣿⣿⣿⣿⣿⣿⣿⣿⣿⣿⣿⣿⣿⣿⣿⢿⣿⣿⡟⣿⣿⣿⢹⠿⠿⠇⠿⠿⠛⠘⠛⠛⠃⠋⠉⠉⠈⠁⠉                        ┃
┃   │⣿⣿⣿⣿⣿⣿⡇⣿⣿⣿⣿⣿⣿⣿⣿⣿⣿⣿⣿⣿⣿⣿⣿⣿⣿⣿⣿⣿⣿⣿⣿⣿⣿⣿⣿⣿⣿⣿⣿⣿⣿⣿⣿⣿⣿⣿⣿⣿⣿⣿⣿⣿⣿⣿⢿⣿⣿⣿⣿⣿⣿⣿⣿⣿⣿⣿⣿⣿⣿⣿⣿⣿⣿⣿⣿⣿⡿⣿⣿⣿⢹⣿⣿⡇⣿⣿⣿⢸⣿⣿⡇⣿⠿⠿⠹⠟⠿⠋⠛⠙⠛⠙⠃⠉⠉⠉⠈⠉                                              ┃
┃   │⣿⣿⣿⣿⣿⣿⡇⣿⣿⣿⣿⣿⣿⣿⣿⣿⣿⣿⣿⣿⣿⢿⣿⣿⡿⣿⣿⣿⣿⣿⣿⣿⣿⣿⣿⣿⣿⣿⣿⣿⣿⣿⣿⣿⣿⣿⣿⢻⣿⣿⡏⣿⣿⣿⢸⣿⣿⡇⣿⣿⣿⢹⣿⣿⡏⣿⢿⣿⢻⡟⡿⠟⠿⠸⠿⠛⠃⠛⠛⠛⠘⠉⠉⠁⠉⠉⠁                                                                   ┃
┃   │⣿⣿⣿⣿⣿⣿⡇⣿⣿⣿⣿⣿⣿⣿⣿⣿⣿⡟⣿⣿⣿⢸⣿⣿⡇⣿⣿⣿⢸⣿⣿⡏⣿⣿⣿⢿⣿⣿⡿⣿⢻⣿⢿⡇⣿⡿⣿⢸⡿⠿⠇⠿⠿⠟⠘⠛⠛⠃⠛⠉⠉⠈⠁⠉⠁                                                                                         ┃
┃   │⣿⣿⢿⣿⣿⡿⡇⣿⣿⣿⡟⣿⣿⣿⢸⣿⣿⡇⣿⣿⣿⢸⣿⣿⡇⣿⢿⠿⠸⠟⠿⠇⠛⠙⠛⠘⠃⠋⠁⠉⠈⠉⠈                                                                                                               ┃
┃   │⢿⣿⢸⡟⣿⠇⡇⠸⠿⠸⠃⠛⠋⠛⠘⠋⠉⠁⠉⠉⠉                                                                                                                                     ┃
┃   │      ⡇                                                                                                                                                   ┃
0.0 │      ⡇                                                                                                                                                   ┃
┃   └───────────────────────────────────────────────────────────────────────────────────────────────────────────────────────────────────────────────────────────
┗━━0s━━━━━━━━━━━━━━━━━━━━━━━━━━━━━━━━━━━━━━━━━━━━━━━━━━━━━━━━━━━ Move <WASD> Rect <R> Quit <Q> ━━━━━━━━━━━━━━━━━━━━━━━━━━━━━━━━━━━━━━━━━━━━━━━━━━━━━━━━━━━━━0.5s
